main.c:87:16:platform_write	48	static
main.c:93:16:platform_read	48	static
main.c:99:5:_write	24	static
main.c:117:5:main	120	static
main.c:204:6:SystemClock_Config	96	static
main.c:249:13:MX_I2C1_Init	8	static
main.c:295:13:MX_USART2_UART_Init	8	static
main.c:330:13:MX_GPIO_Init	56	static
main.c:379:6:StartDefaultTask	16	static
main.c:397:6:StartVisualTask	24	static
main.c:427:6:StartAcceleroTask	40	static
main.c:481:6:HAL_TIM_PeriodElapsedCallback	16	static
main.c:498:6:Error_Handler	8	static
